> Task :checkKotlinGradlePluginConfigurationErrors
> Task :compileKotlin UP-TO-DATE
> Task :compileJava NO-SOURCE
> Task :processResources NO-SOURCE
> Task :classes UP-TO-DATE

> Task :run
02:24:41.525 [main] INFO ktor.application -- Autoreload is disabled because the development mode is off.
02:24:41.594 [main] INFO ktor.application -- Application started in 0.131 seconds.
02:24:41.603 [main] DEBUG io.netty.util.internal.logging.InternalLoggerFactory -- Using SLF4J as the default logging framework
02:24:41.637 [main] DEBUG io.netty.util.internal.PlatformDependent0 -- -Dio.netty.noUnsafe: false
02:24:41.637 [main] DEBUG io.netty.util.internal.PlatformDependent0 -- Java version: 21
02:24:41.639 [main] DEBUG io.netty.util.internal.PlatformDependent0 -- sun.misc.Unsafe.theUnsafe: available
02:24:41.640 [main] DEBUG io.netty.util.internal.PlatformDependent0 -- sun.misc.Unsafe.copyMemory: available
02:24:41.640 [main] DEBUG io.netty.util.internal.PlatformDependent0 -- sun.misc.Unsafe.storeFence: available
02:24:41.641 [main] DEBUG io.netty.util.internal.PlatformDependent0 -- java.nio.Buffer.address: available
02:24:41.642 [main] DEBUG io.netty.util.internal.PlatformDependent0 -- direct buffer constructor: unavailable: Reflective setAccessible(true) disabled
02:24:41.642 [main] DEBUG io.netty.util.internal.PlatformDependent0 -- java.nio.Bits.unaligned: available, true
02:24:41.643 [main] DEBUG io.netty.util.internal.PlatformDependent0 -- jdk.internal.misc.Unsafe.allocateUninitializedArray(int): unavailable: class io.netty.util.internal.PlatformDependent0$7 cannot access class jdk.internal.misc.Unsafe (in module java.base) because module java.base does not export jdk.internal.misc to unnamed module @2002fc1d
02:24:41.645 [main] DEBUG io.netty.util.internal.PlatformDependent0 -- java.nio.DirectByteBuffer.<init>(long, {int,long}): unavailable
02:24:41.645 [main] DEBUG io.netty.util.internal.PlatformDependent -- sun.misc.Unsafe: available
02:24:41.645 [main] DEBUG io.netty.util.internal.PlatformDependent -- -Dio.netty.tmpdir: /tmp (java.io.tmpdir)
02:24:41.645 [main] DEBUG io.netty.util.internal.PlatformDependent -- -Dio.netty.bitMode: 64 (sun.arch.data.model)
02:24:41.646 [main] DEBUG io.netty.util.internal.PlatformDependent -- -Dio.netty.maxDirectMemory: -1 bytes
02:24:41.646 [main] DEBUG io.netty.util.internal.PlatformDependent -- -Dio.netty.uninitializedArrayAllocationThreshold: -1
02:24:41.650 [main] DEBUG io.netty.util.internal.CleanerJava9 -- java.nio.ByteBuffer.cleaner(): available
02:24:41.650 [main] DEBUG io.netty.util.internal.PlatformDependent -- -Dio.netty.noPreferDirect: false
02:24:41.662 [main] DEBUG io.netty.util.internal.NativeLibraryLoader -- -Dio.netty.native.workdir: /tmp (io.netty.tmpdir)
02:24:41.663 [main] DEBUG io.netty.util.internal.NativeLibraryLoader -- -Dio.netty.native.deleteLibAfterLoading: true
02:24:41.663 [main] DEBUG io.netty.util.internal.NativeLibraryLoader -- -Dio.netty.native.tryPatchShadedId: true
02:24:41.663 [main] DEBUG io.netty.util.internal.NativeLibraryLoader -- -Dio.netty.native.detectNativeLibraryDuplicates: true
02:24:41.693 [main] DEBUG io.netty.channel.MultithreadEventLoopGroup -- -Dio.netty.eventLoopThreads: 8
02:24:41.702 [main] DEBUG io.netty.util.concurrent.GlobalEventExecutor -- -Dio.netty.globalEventExecutor.quietPeriodSeconds: 1
02:24:41.708 [main] DEBUG io.netty.util.internal.InternalThreadLocalMap -- -Dio.netty.threadLocalMap.stringBuilder.initialSize: 1024
02:24:41.708 [main] DEBUG io.netty.util.internal.InternalThreadLocalMap -- -Dio.netty.threadLocalMap.stringBuilder.maxSize: 4096
02:24:41.714 [main] DEBUG io.netty.channel.nio.NioEventLoop -- -Dio.netty.noKeySetOptimization: false
02:24:41.714 [main] DEBUG io.netty.channel.nio.NioEventLoop -- -Dio.netty.selectorAutoRebuildThreshold: 512
02:24:41.723 [main] DEBUG io.netty.util.internal.PlatformDependent -- org.jctools-core.MpscChunkedArrayQueue: available
02:24:41.751 [main] DEBUG io.netty.channel.DefaultChannelId -- -Dio.netty.processId: 147363 (auto-detected)
02:24:41.755 [main] DEBUG io.netty.util.NetUtil -- -Djava.net.preferIPv4Stack: false
02:24:41.755 [main] DEBUG io.netty.util.NetUtil -- -Djava.net.preferIPv6Addresses: false
02:24:41.757 [main] DEBUG io.netty.util.NetUtilInitializations -- Loopback interface: lo (lo, 0:0:0:0:0:0:0:1%lo)
02:24:41.758 [main] DEBUG io.netty.util.NetUtil -- /proc/sys/net/core/somaxconn: 4096
02:24:41.759 [main] DEBUG io.netty.channel.DefaultChannelId -- -Dio.netty.machineId: 32:cf:5c:ff:fe:c2:b0:6c (auto-detected)
02:24:41.772 [main] DEBUG io.netty.util.ResourceLeakDetector -- -Dio.netty.leakDetection.level: simple
02:24:41.772 [main] DEBUG io.netty.util.ResourceLeakDetector -- -Dio.netty.leakDetection.targetRecords: 4
02:24:41.817 [main] DEBUG io.netty.buffer.PooledByteBufAllocator -- -Dio.netty.allocator.numHeapArenas: 8
02:24:41.818 [main] DEBUG io.netty.buffer.PooledByteBufAllocator -- -Dio.netty.allocator.numDirectArenas: 8
02:24:41.818 [main] DEBUG io.netty.buffer.PooledByteBufAllocator -- -Dio.netty.allocator.pageSize: 8192
02:24:41.818 [main] DEBUG io.netty.buffer.PooledByteBufAllocator -- -Dio.netty.allocator.maxOrder: 9
02:24:41.818 [main] DEBUG io.netty.buffer.PooledByteBufAllocator -- -Dio.netty.allocator.chunkSize: 4194304
02:24:41.818 [main] DEBUG io.netty.buffer.PooledByteBufAllocator -- -Dio.netty.allocator.smallCacheSize: 256
02:24:41.818 [main] DEBUG io.netty.buffer.PooledByteBufAllocator -- -Dio.netty.allocator.normalCacheSize: 64
02:24:41.818 [main] DEBUG io.netty.buffer.PooledByteBufAllocator -- -Dio.netty.allocator.maxCachedBufferCapacity: 32768
02:24:41.818 [main] DEBUG io.netty.buffer.PooledByteBufAllocator -- -Dio.netty.allocator.cacheTrimInterval: 8192
02:24:41.818 [main] DEBUG io.netty.buffer.PooledByteBufAllocator -- -Dio.netty.allocator.cacheTrimIntervalMillis: 0
02:24:41.818 [main] DEBUG io.netty.buffer.PooledByteBufAllocator -- -Dio.netty.allocator.useCacheForAllThreads: false
02:24:41.818 [main] DEBUG io.netty.buffer.PooledByteBufAllocator -- -Dio.netty.allocator.maxCachedByteBuffersPerChunk: 1023
02:24:41.833 [main] DEBUG io.netty.buffer.ByteBufUtil -- -Dio.netty.allocator.type: pooled
02:24:41.833 [main] DEBUG io.netty.buffer.ByteBufUtil -- -Dio.netty.threadLocalDirectBufferSize: 0
02:24:41.833 [main] DEBUG io.netty.buffer.ByteBufUtil -- -Dio.netty.maxThreadLocalCharBufferSize: 16384
02:24:41.834 [main] DEBUG io.netty.bootstrap.ChannelInitializerExtensions -- -Dio.netty.bootstrap.extensions: null
02:24:41.871 [DefaultDispatcher-worker-1] INFO ktor.application -- Responding at http://0.0.0.0:8080
02:24:58.193 [eventLoopGroupProxy-3-1] DEBUG io.netty.buffer.AbstractByteBuf -- -Dio.netty.buffer.checkAccessible: true
02:24:58.193 [eventLoopGroupProxy-3-1] DEBUG io.netty.buffer.AbstractByteBuf -- -Dio.netty.buffer.checkBounds: true
02:24:58.194 [eventLoopGroupProxy-3-1] DEBUG io.netty.util.ResourceLeakDetectorFactory -- Loaded default ResourceLeakDetector: io.netty.util.ResourceLeakDetector@2ad63864
02:24:58.231 [eventLoopGroupProxy-3-1] DEBUG io.netty.util.Recycler -- -Dio.netty.recycler.maxCapacityPerThread: 4096
02:24:58.232 [eventLoopGroupProxy-3-1] DEBUG io.netty.util.Recycler -- -Dio.netty.recycler.ratio: 8
02:24:58.232 [eventLoopGroupProxy-3-1] DEBUG io.netty.util.Recycler -- -Dio.netty.recycler.chunkSize: 32
02:24:58.232 [eventLoopGroupProxy-3-1] DEBUG io.netty.util.Recycler -- -Dio.netty.recycler.blocking: false
02:24:58.232 [eventLoopGroupProxy-3-1] DEBUG io.netty.util.Recycler -- -Dio.netty.recycler.batchFastThreadLocalOnly: true
